#
# There is insufficient memory for the Java Runtime Environment to continue.
# Native memory allocation (malloc) failed to allocate 1209136 bytes. Error detail: Chunk::new
# Possible reasons:
#   The system is out of physical RAM or swap space
#   This process is running with CompressedOops enabled, and the Java Heap may be blocking the growth of the native heap
# Possible solutions:
#   Reduce memory load on the system
#   Increase physical memory or swap space
#   Check if swap backing store is full
#   Decrease Java heap size (-Xmx/-Xms)
#   Decrease number of Java threads
#   Decrease Java thread stack sizes (-Xss)
#   Set larger code cache with -XX:ReservedCodeCacheSize=
#   JVM is running with Unscaled Compressed Oops mode in which the Java heap is
#     placed in the first 4GB address space. The Java Heap base address is the
#     maximum limit for the native heap growth. Please use -XX:HeapBaseMinAddress
#     to set the Java Heap base and to place the Java Heap above 4GB virtual address.
# This output file may be truncated or incomplete.
#
#  Out of Memory Error (arena.cpp:168), pid=16096, tid=3056
#
# JRE version: OpenJDK Runtime Environment Temurin-21.0.6+7 (21.0.6+7) (build 21.0.6+7-LTS)
# Java VM: OpenJDK 64-Bit Server VM Temurin-21.0.6+7 (21.0.6+7-LTS, mixed mode, sharing, tiered, compressed oops, compressed class ptrs, parallel gc, windows-amd64)
# No core dump will be written. Minidumps are not enabled by default on client versions of Windows
#

---------------  S U M M A R Y ------------

Command Line: --add-modules=ALL-SYSTEM --add-opens=java.base/java.util=ALL-UNNAMED --add-opens=java.base/java.lang=ALL-UNNAMED --add-opens=java.base/sun.nio.fs=ALL-UNNAMED -Declipse.application=org.eclipse.jdt.ls.core.id1 -Dosgi.bundles.defaultStartLevel=4 -Declipse.product=org.eclipse.jdt.ls.core.product -Djava.import.generatesMetadataFilesAtProjectRoot=false -DDetectVMInstallationsJob.disabled=true -Dfile.encoding=utf8 -XX:+UseParallelGC -XX:GCTimeRatio=4 -XX:AdaptiveSizePolicyWeight=90 -Dsun.zip.disableMemoryMapping=true -Xmx1G -Xms100m -Xlog:disable -javaagent:c:\Users\admin\.vscode\extensions\redhat.java-1.40.0-win32-x64\lombok\lombok-1.18.36.jar c:\Users\admin\.vscode\extensions\redhat.java-1.40.0-win32-x64\server\plugins\org.eclipse.equinox.launcher_1.6.1000.v20250131-0606.jar -configuration c:\Users\admin\AppData\Roaming\Code\User\globalStorage\redhat.java\1.40.0\config_ss_win -data c:\Users\admin\AppData\Roaming\Code\User\workspaceStorage\e6e386c7efb6b046afb682db77de5ed5\redhat.java\ss_ws --pipe=\\.\pipe\lsp-d17caf48d2b91753c09ab3a8e2c754e7-sock

Host: Intel(R) Core(TM) i5-8350U CPU @ 1.70GHz, 8 cores, 15G,  Windows 11 , 64 bit Build 22621 (10.0.22621.3374)
Time: Fri Feb 28 10:00:32 2025 SE Asia Standard Time elapsed time: 4.306696 seconds (0d 0h 0m 4s)

---------------  T H R E A D  ---------------

Current thread (0x000001d7f7968870):  JavaThread "C2 CompilerThread0" daemon [_thread_in_native, id=3056, stack(0x000000613ce00000,0x000000613cf00000) (1024K)]


Current CompileTask:
C2:4306 2765       4       org.lombokweb.asm.ClassReader::readMethod (1070 bytes)

Stack: [0x000000613ce00000,0x000000613cf00000]
Native frames: (J=compiled Java code, j=interpreted, Vv=VM code, C=native code)
V  [jvm.dll+0x6cdee9]
V  [jvm.dll+0x8a83d1]
V  [jvm.dll+0x8aa8fe]
V  [jvm.dll+0x8aafe3]
V  [jvm.dll+0x27f706]
V  [jvm.dll+0xc500d]
V  [jvm.dll+0xc5543]
V  [jvm.dll+0x3b678c]
V  [jvm.dll+0x382935]
V  [jvm.dll+0x381d9a]
V  [jvm.dll+0x2479f0]
V  [jvm.dll+0x246fcf]
V  [jvm.dll+0x1c75ee]
V  [jvm.dll+0x25685a]
V  [jvm.dll+0x254dfa]
V  [jvm.dll+0x3f0256]
V  [jvm.dll+0x851f8b]
V  [jvm.dll+0x6cc5ed]
C  [ucrtbase.dll+0x29333]
C  [KERNEL32.DLL+0x1257d]
C  [ntdll.dll+0x5aa48]


---------------  P R O C E S S  ---------------

Threads class SMR info:
_java_thread_list=0x000001d7feafab90, length=22, elements={
0x000001d7e35a5d90, 0x000001d7f79541b0, 0x000001d7f79557f0, 0x000001d7f795b060,
0x000001d7f795bcb0, 0x000001d7f7961320, 0x000001d7f7967980, 0x000001d7f7968870,
0x000001d7f796a4f0, 0x000001d7e360e420, 0x000001d7f9583e00, 0x000001d7f9d7adf0,
0x000001d7f9e6d280, 0x000001d7f9c31fe0, 0x000001d7f9e4c800, 0x000001d7fe1c2cf0,
0x000001d7f9e85ef0, 0x000001d7fe3cd180, 0x000001d7f9e86960, 0x000001d7fe837660,
0x000001d7fe7e8180, 0x000001d7fe42be70
}

Java Threads: ( => current thread )
  0x000001d7e35a5d90 JavaThread "main"                              [_thread_blocked, id=17916, stack(0x000000613c400000,0x000000613c500000) (1024K)]
  0x000001d7f79541b0 JavaThread "Reference Handler"          daemon [_thread_blocked, id=6808, stack(0x000000613c800000,0x000000613c900000) (1024K)]
  0x000001d7f79557f0 JavaThread "Finalizer"                  daemon [_thread_blocked, id=4236, stack(0x000000613c900000,0x000000613ca00000) (1024K)]
  0x000001d7f795b060 JavaThread "Signal Dispatcher"          daemon [_thread_blocked, id=12616, stack(0x000000613ca00000,0x000000613cb00000) (1024K)]
  0x000001d7f795bcb0 JavaThread "Attach Listener"            daemon [_thread_blocked, id=1612, stack(0x000000613cb00000,0x000000613cc00000) (1024K)]
  0x000001d7f7961320 JavaThread "Service Thread"             daemon [_thread_blocked, id=16596, stack(0x000000613cc00000,0x000000613cd00000) (1024K)]
  0x000001d7f7967980 JavaThread "Monitor Deflation Thread"   daemon [_thread_blocked, id=22704, stack(0x000000613cd00000,0x000000613ce00000) (1024K)]
=>0x000001d7f7968870 JavaThread "C2 CompilerThread0"         daemon [_thread_in_native, id=3056, stack(0x000000613ce00000,0x000000613cf00000) (1024K)]
  0x000001d7f796a4f0 JavaThread "C1 CompilerThread0"         daemon [_thread_blocked, id=12164, stack(0x000000613cf00000,0x000000613d000000) (1024K)]
  0x000001d7e360e420 JavaThread "Common-Cleaner"             daemon [_thread_blocked, id=12992, stack(0x000000613d000000,0x000000613d100000) (1024K)]
  0x000001d7f9583e00 JavaThread "Notification Thread"        daemon [_thread_blocked, id=4712, stack(0x000000613d200000,0x000000613d300000) (1024K)]
  0x000001d7f9d7adf0 JavaThread "Active Thread: Equinox Container: 394b2d2d-b02c-48c7-8234-9a663e9bffea"        [_thread_blocked, id=20672, stack(0x000000613da00000,0x000000613db00000) (1024K)]
  0x000001d7f9e6d280 JavaThread "Framework Event Dispatcher: Equinox Container: 394b2d2d-b02c-48c7-8234-9a663e9bffea" daemon [_thread_blocked, id=12612, stack(0x000000613db00000,0x000000613dc00000) (1024K)]
  0x000001d7f9c31fe0 JavaThread "Start Level: Equinox Container: 394b2d2d-b02c-48c7-8234-9a663e9bffea" daemon [_thread_in_vm, id=14228, stack(0x000000613dc00000,0x000000613dd00000) (1024K)]
  0x000001d7f9e4c800 JavaThread "SCR Component Actor"        daemon [_thread_blocked, id=2916, stack(0x000000613dd00000,0x000000613de00000) (1024K)]
  0x000001d7fe1c2cf0 JavaThread "SCR Component Registry"     daemon [_thread_blocked, id=2096, stack(0x000000613d300000,0x000000613d400000) (1024K)]
  0x000001d7f9e85ef0 JavaThread "C2 CompilerThread1"         daemon [_thread_in_native, id=2336, stack(0x000000613d100000,0x000000613d200000) (1024K)]
  0x000001d7fe3cd180 JavaThread "Worker-JM"                         [_thread_blocked, id=6428, stack(0x000000613e000000,0x000000613e100000) (1024K)]
  0x000001d7f9e86960 JavaThread "JNA Cleaner"                daemon [_thread_blocked, id=20756, stack(0x000000613df00000,0x000000613e000000) (1024K)]
  0x000001d7fe837660 JavaThread "Worker-0"                          [_thread_blocked, id=15500, stack(0x000000613e100000,0x000000613e200000) (1024K)]
  0x000001d7fe7e8180 JavaThread "Worker-1"                          [_thread_blocked, id=12888, stack(0x000000613e200000,0x000000613e300000) (1024K)]
  0x000001d7fe42be70 JavaThread "C2 CompilerThread2"         daemon [_thread_in_native, id=8884, stack(0x000000613e300000,0x000000613e400000) (1024K)]
Total: 22

Other Threads:
  0x000001d7e3643b00 VMThread "VM Thread"                           [id=22836, stack(0x000000613c700000,0x000000613c800000) (1024K)]
  0x000001d7f786ca00 WatcherThread "VM Periodic Task Thread"        [id=19924, stack(0x000000613c600000,0x000000613c700000) (1024K)]
  0x000001d7e35c3980 WorkerThread "GC Thread#0"                     [id=6076, stack(0x000000613c500000,0x000000613c600000) (1024K)]
  0x000001d7f98ef8a0 WorkerThread "GC Thread#1"                     [id=2816, stack(0x000000613d400000,0x000000613d500000) (1024K)]
  0x000001d7f98f49d0 WorkerThread "GC Thread#2"                     [id=1744, stack(0x000000613d500000,0x000000613d600000) (1024K)]
  0x000001d7f98f4d70 WorkerThread "GC Thread#3"                     [id=12368, stack(0x000000613d600000,0x000000613d700000) (1024K)]
  0x000001d7f98f5720 WorkerThread "GC Thread#4"                     [id=22368, stack(0x000000613d700000,0x000000613d800000) (1024K)]
  0x000001d7f98f5ac0 WorkerThread "GC Thread#5"                     [id=4464, stack(0x000000613d800000,0x000000613d900000) (1024K)]
  0x000001d7f98f5e60 WorkerThread "GC Thread#6"                     [id=18996, stack(0x000000613d900000,0x000000613da00000) (1024K)]
  0x000001d7f9f0be60 WorkerThread "GC Thread#7"                     [id=7792, stack(0x000000613de00000,0x000000613df00000) (1024K)]
Total: 10

Threads with active compile tasks:
C2 CompilerThread0  4363 2765       4       org.lombokweb.asm.ClassReader::readMethod (1070 bytes)
C2 CompilerThread1  4363 2939       4       java.lang.invoke.MethodType::makeImpl (109 bytes)
C2 CompilerThread2  4363 2972       4       java.util.zip.ZipFile::getZipEntry (322 bytes)
Total: 3

VM state: not at safepoint (normal execution)

VM Mutex/Monitor currently owned by a thread: None

Heap address: 0x00000000c0000000, size: 1024 MB, Compressed Oops mode: 32-bit

CDS archive(s) mapped at: [0x000001d780000000-0x000001d780ba0000-0x000001d780ba0000), size 12189696, SharedBaseAddress: 0x000001d780000000, ArchiveRelocationMode: 1.
Compressed class space mapped at: 0x000001d781000000-0x000001d7c1000000, reserved size: 1073741824
Narrow klass base: 0x000001d780000000, Narrow klass shift: 0, Narrow klass range: 0x100000000

GC Precious Log:
 CardTable entry size: 512
 CPUs: 8 total, 8 available
 Memory: 16263M
 Large Page Support: Disabled
 NUMA Support: Disabled
 Compressed Oops: Enabled (32-bit)
 Alignments: Space 512K, Generation 512K, Heap 2M
 Heap Min Capacity: 100M
 Heap Initial Capacity: 100M
 Heap Max Capacity: 1G
 Pre-touch: Disabled
 Parallel Workers: 8

Heap:
 PSYoungGen      total 27648K, used 6107K [0x00000000eab00000, 0x00000000eca00000, 0x0000000100000000)
  eden space 24576K, 14% used [0x00000000eab00000,0x00000000eae5e7c8,0x00000000ec300000)
  from space 3072K, 86% used [0x00000000ec400000,0x00000000ec698520,0x00000000ec700000)
  to   space 3072K, 0% used [0x00000000ec700000,0x00000000ec700000,0x00000000eca00000)
 ParOldGen       total 68608K, used 8686K [0x00000000c0000000, 0x00000000c4300000, 0x00000000eab00000)
  object space 68608K, 12% used [0x00000000c0000000,0x00000000c087b8f8,0x00000000c4300000)
 Metaspace       used 23337K, committed 24000K, reserved 1114112K
  class space    used 2166K, committed 2432K, reserved 1048576K

Card table byte_map: [0x000001d7e2f70000,0x000001d7e3180000] _byte_map_base: 0x000001d7e2970000

Marking Bits: (ParMarkBitMap*) 0x00007ff9dce33260
 Begin Bits: [0x000001d7f5790000, 0x000001d7f6790000)
 End Bits:   [0x000001d7f6790000, 0x000001d7f7790000)

Polling page: 0x000001d7e2d60000

Metaspace:

Usage:
  Non-class:     20.67 MB used.
      Class:      2.12 MB used.
       Both:     22.79 MB used.

Virtual space:
  Non-class space:       64.00 MB reserved,      21.06 MB ( 33%) committed,  1 nodes.
      Class space:        1.00 GB reserved,       2.38 MB ( <1%) committed,  1 nodes.
             Both:        1.06 GB reserved,      23.44 MB (  2%) committed. 

Chunk freelists:
   Non-Class:  10.07 MB
       Class:  13.47 MB
        Both:  23.54 MB

MaxMetaspaceSize: unlimited
CompressedClassSpaceSize: 1.00 GB
Initial GC threshold: 21.00 MB
Current GC threshold: 35.00 MB
CDS: on
 - commit_granule_bytes: 65536.
 - commit_granule_words: 8192.
 - virtual_space_node_default_size: 8388608.
 - enlarge_chunks_in_place: 1.
 - use_allocation_guard: 0.


Internal statistics:

num_allocs_failed_limit: 3.
num_arena_births: 492.
num_arena_deaths: 14.
num_vsnodes_births: 2.
num_vsnodes_deaths: 0.
num_space_committed: 375.
num_space_uncommitted: 0.
num_chunks_returned_to_freelist: 17.
num_chunks_taken_from_freelist: 1369.
num_chunk_merges: 8.
num_chunk_splits: 899.
num_chunks_enlarged: 571.
num_inconsistent_stats: 0.

CodeHeap 'non-profiled nmethods': size=120000Kb used=1348Kb max_used=1348Kb free=118651Kb
 bounds [0x000001d7ee260000, 0x000001d7ee4d0000, 0x000001d7f5790000]
CodeHeap 'profiled nmethods': size=120000Kb used=5911Kb max_used=5911Kb free=114088Kb
 bounds [0x000001d7e6790000, 0x000001d7e6d60000, 0x000001d7edcc0000]
CodeHeap 'non-nmethods': size=5760Kb used=1319Kb max_used=1350Kb free=4440Kb
 bounds [0x000001d7edcc0000, 0x000001d7edf30000, 0x000001d7ee260000]
 total_blobs=3577 nmethods=2970 adapters=513
 compilation: enabled
              stopped_count=0, restarted_count=0
 full_count=0

Compilation events (20 events):
Event: 4.281 Thread 0x000001d7f9e85ef0 2939       4       java.lang.invoke.MethodType::makeImpl (109 bytes)
Event: 4.282 Thread 0x000001d7f796a4f0 nmethod 2937 0x000001d7e6d47c10 code [0x000001d7e6d47e00, 0x000001d7e6d481a0]
Event: 4.282 Thread 0x000001d7f796a4f0 2941       3       jdk.internal.org.objectweb.asm.AnnotationWriter::putAnnotations (110 bytes)
Event: 4.283 Thread 0x000001d7f796a4f0 nmethod 2941 0x000001d7e6d48390 code [0x000001d7e6d485a0, 0x000001d7e6d489c0]
Event: 4.284 Thread 0x000001d7fe42be70 nmethod 2938 0x000001d7ee3ae710 code [0x000001d7ee3ae8a0, 0x000001d7ee3aea70]
Event: 4.294 Thread 0x000001d7f796a4f0 2944       3       java.lang.AbstractStringBuilder::append (45 bytes)
Event: 4.295 Thread 0x000001d7f796a4f0 nmethod 2944 0x000001d7e6d48c90 code [0x000001d7e6d48ea0, 0x000001d7e6d493c8]
Event: 4.296 Thread 0x000001d7fe42be70 2945       4       java.util.HashMap::putVal (300 bytes)
Event: 4.297 Thread 0x000001d7f796a4f0 2946       3       java.lang.CharacterDataLatin1::toUpperCase (67 bytes)
Event: 4.298 Thread 0x000001d7f796a4f0 nmethod 2946 0x000001d7e6d49610 code [0x000001d7e6d497e0, 0x000001d7e6d49b08]
Event: 4.298 Thread 0x000001d7f796a4f0 2947       3       java.lang.Character::toUpperCase (6 bytes)
Event: 4.298 Thread 0x000001d7f796a4f0 nmethod 2947 0x000001d7e6d49b90 code [0x000001d7e6d49d60, 0x000001d7e6d49fb8]
Event: 4.298 Thread 0x000001d7f796a4f0 2948       3       java.lang.Character::toUpperCase (9 bytes)
Event: 4.298 Thread 0x000001d7f796a4f0 nmethod 2948 0x000001d7e6d4a090 code [0x000001d7e6d4a240, 0x000001d7e6d4a438]
Event: 4.298 Thread 0x000001d7f796a4f0 2950       3       java.lang.ProcessEnvironment$NameComparator::compare (13 bytes)
Event: 4.298 Thread 0x000001d7f796a4f0 nmethod 2950 0x000001d7e6d4a510 code [0x000001d7e6d4a6c0, 0x000001d7e6d4a9e0]
Event: 4.298 Thread 0x000001d7f796a4f0 2949       3       java.util.TreeMap::colorOf (13 bytes)
Event: 4.298 Thread 0x000001d7f796a4f0 nmethod 2949 0x000001d7e6d4aa90 code [0x000001d7e6d4ac20, 0x000001d7e6d4ad60]
Event: 4.300 Thread 0x000001d7f796a4f0 2951       3       java.lang.AbstractStringBuilder::isLatin1 (19 bytes)
Event: 4.300 Thread 0x000001d7f796a4f0 nmethod 2951 0x000001d7e6d4ae10 code [0x000001d7e6d4afc0, 0x000001d7e6d4b130]

GC Heap History (16 events):
Event: 1.614 GC heap before
{Heap before GC invocations=1 (full 0):
 PSYoungGen      total 29696K, used 25600K [0x00000000eab00000, 0x00000000ecc00000, 0x0000000100000000)
  eden space 25600K, 100% used [0x00000000eab00000,0x00000000ec400000,0x00000000ec400000)
  from space 4096K, 0% used [0x00000000ec800000,0x00000000ec800000,0x00000000ecc00000)
  to   space 4096K, 0% used [0x00000000ec400000,0x00000000ec400000,0x00000000ec800000)
 ParOldGen       total 68608K, used 0K [0x00000000c0000000, 0x00000000c4300000, 0x00000000eab00000)
  object space 68608K, 0% used [0x00000000c0000000,0x00000000c0000000,0x00000000c4300000)
 Metaspace       used 4340K, committed 4544K, reserved 1114112K
  class space    used 436K, committed 512K, reserved 1048576K
}
Event: 1.624 GC heap after
{Heap after GC invocations=1 (full 0):
 PSYoungGen      total 29696K, used 3205K [0x00000000eab00000, 0x00000000ecc00000, 0x0000000100000000)
  eden space 25600K, 0% used [0x00000000eab00000,0x00000000eab00000,0x00000000ec400000)
  from space 4096K, 78% used [0x00000000ec400000,0x00000000ec7217f0,0x00000000ec800000)
  to   space 4096K, 0% used [0x00000000ec800000,0x00000000ec800000,0x00000000ecc00000)
 ParOldGen       total 68608K, used 16K [0x00000000c0000000, 0x00000000c4300000, 0x00000000eab00000)
  object space 68608K, 0% used [0x00000000c0000000,0x00000000c0004000,0x00000000c4300000)
 Metaspace       used 4340K, committed 4544K, reserved 1114112K
  class space    used 436K, committed 512K, reserved 1048576K
}
Event: 2.609 GC heap before
{Heap before GC invocations=2 (full 0):
 PSYoungGen      total 29696K, used 28805K [0x00000000eab00000, 0x00000000ecc00000, 0x0000000100000000)
  eden space 25600K, 100% used [0x00000000eab00000,0x00000000ec400000,0x00000000ec400000)
  from space 4096K, 78% used [0x00000000ec400000,0x00000000ec7217f0,0x00000000ec800000)
  to   space 4096K, 0% used [0x00000000ec800000,0x00000000ec800000,0x00000000ecc00000)
 ParOldGen       total 68608K, used 16K [0x00000000c0000000, 0x00000000c4300000, 0x00000000eab00000)
  object space 68608K, 0% used [0x00000000c0000000,0x00000000c0004000,0x00000000c4300000)
 Metaspace       used 8196K, committed 8512K, reserved 1114112K
  class space    used 811K, committed 960K, reserved 1048576K
}
Event: 2.615 GC heap after
{Heap after GC invocations=2 (full 0):
 PSYoungGen      total 29696K, used 4084K [0x00000000eab00000, 0x00000000ecc00000, 0x0000000100000000)
  eden space 25600K, 0% used [0x00000000eab00000,0x00000000eab00000,0x00000000ec400000)
  from space 4096K, 99% used [0x00000000ec800000,0x00000000ecbfd168,0x00000000ecc00000)
  to   space 4096K, 0% used [0x00000000ec400000,0x00000000ec400000,0x00000000ec800000)
 ParOldGen       total 68608K, used 883K [0x00000000c0000000, 0x00000000c4300000, 0x00000000eab00000)
  object space 68608K, 1% used [0x00000000c0000000,0x00000000c00dceb8,0x00000000c4300000)
 Metaspace       used 8196K, committed 8512K, reserved 1114112K
  class space    used 811K, committed 960K, reserved 1048576K
}
Event: 3.312 GC heap before
{Heap before GC invocations=3 (full 0):
 PSYoungGen      total 29696K, used 29684K [0x00000000eab00000, 0x00000000ecc00000, 0x0000000100000000)
  eden space 25600K, 100% used [0x00000000eab00000,0x00000000ec400000,0x00000000ec400000)
  from space 4096K, 99% used [0x00000000ec800000,0x00000000ecbfd168,0x00000000ecc00000)
  to   space 4096K, 0% used [0x00000000ec400000,0x00000000ec400000,0x00000000ec800000)
 ParOldGen       total 68608K, used 883K [0x00000000c0000000, 0x00000000c4300000, 0x00000000eab00000)
  object space 68608K, 1% used [0x00000000c0000000,0x00000000c00dceb8,0x00000000c4300000)
 Metaspace       used 12926K, committed 13440K, reserved 1114112K
  class space    used 1301K, committed 1472K, reserved 1048576K
}
Event: 3.316 GC heap after
{Heap after GC invocations=3 (full 0):
 PSYoungGen      total 29696K, used 4067K [0x00000000eab00000, 0x00000000ecc00000, 0x0000000100000000)
  eden space 25600K, 0% used [0x00000000eab00000,0x00000000eab00000,0x00000000ec400000)
  from space 4096K, 99% used [0x00000000ec400000,0x00000000ec7f8df8,0x00000000ec800000)
  to   space 4096K, 0% used [0x00000000ec800000,0x00000000ec800000,0x00000000ecc00000)
 ParOldGen       total 68608K, used 2761K [0x00000000c0000000, 0x00000000c4300000, 0x00000000eab00000)
  object space 68608K, 4% used [0x00000000c0000000,0x00000000c02b2708,0x00000000c4300000)
 Metaspace       used 12926K, committed 13440K, reserved 1114112K
  class space    used 1301K, committed 1472K, reserved 1048576K
}
Event: 3.774 GC heap before
{Heap before GC invocations=4 (full 0):
 PSYoungGen      total 29696K, used 29455K [0x00000000eab00000, 0x00000000ecc00000, 0x0000000100000000)
  eden space 25600K, 99% used [0x00000000eab00000,0x00000000ec3cae98,0x00000000ec400000)
  from space 4096K, 99% used [0x00000000ec400000,0x00000000ec7f8df8,0x00000000ec800000)
  to   space 4096K, 0% used [0x00000000ec800000,0x00000000ec800000,0x00000000ecc00000)
 ParOldGen       total 68608K, used 2761K [0x00000000c0000000, 0x00000000c4300000, 0x00000000eab00000)
  object space 68608K, 4% used [0x00000000c0000000,0x00000000c02b2708,0x00000000c4300000)
 Metaspace       used 16859K, committed 17472K, reserved 1114112K
  class space    used 1678K, committed 1920K, reserved 1048576K
}
Event: 3.778 GC heap after
{Heap after GC invocations=4 (full 0):
 PSYoungGen      total 29696K, used 4088K [0x00000000eab00000, 0x00000000ecc00000, 0x0000000100000000)
  eden space 25600K, 0% used [0x00000000eab00000,0x00000000eab00000,0x00000000ec400000)
  from space 4096K, 99% used [0x00000000ec800000,0x00000000ecbfe3e0,0x00000000ecc00000)
  to   space 4096K, 0% used [0x00000000ec400000,0x00000000ec400000,0x00000000ec800000)
 ParOldGen       total 68608K, used 5104K [0x00000000c0000000, 0x00000000c4300000, 0x00000000eab00000)
  object space 68608K, 7% used [0x00000000c0000000,0x00000000c04fc080,0x00000000c4300000)
 Metaspace       used 16859K, committed 17472K, reserved 1114112K
  class space    used 1678K, committed 1920K, reserved 1048576K
}
Event: 3.946 GC heap before
{Heap before GC invocations=5 (full 0):
 PSYoungGen      total 29696K, used 29688K [0x00000000eab00000, 0x00000000ecc00000, 0x0000000100000000)
  eden space 25600K, 100% used [0x00000000eab00000,0x00000000ec400000,0x00000000ec400000)
  from space 4096K, 99% used [0x00000000ec800000,0x00000000ecbfe3e0,0x00000000ecc00000)
  to   space 4096K, 0% used [0x00000000ec400000,0x00000000ec400000,0x00000000ec800000)
 ParOldGen       total 68608K, used 5104K [0x00000000c0000000, 0x00000000c4300000, 0x00000000eab00000)
  object space 68608K, 7% used [0x00000000c0000000,0x00000000c04fc080,0x00000000c4300000)
 Metaspace       used 20061K, committed 20608K, reserved 1114112K
  class space    used 1900K, committed 2112K, reserved 1048576K
}
Event: 3.949 GC heap after
{Heap after GC invocations=5 (full 0):
 PSYoungGen      total 29184K, used 4092K [0x00000000eab00000, 0x00000000ecd80000, 0x0000000100000000)
  eden space 25088K, 0% used [0x00000000eab00000,0x00000000eab00000,0x00000000ec380000)
  from space 4096K, 99% used [0x00000000ec400000,0x00000000ec7ff048,0x00000000ec800000)
  to   space 5120K, 0% used [0x00000000ec880000,0x00000000ec880000,0x00000000ecd80000)
 ParOldGen       total 68608K, used 5296K [0x00000000c0000000, 0x00000000c4300000, 0x00000000eab00000)
  object space 68608K, 7% used [0x00000000c0000000,0x00000000c052c250,0x00000000c4300000)
 Metaspace       used 20061K, committed 20608K, reserved 1114112K
  class space    used 1900K, committed 2112K, reserved 1048576K
}
Event: 3.992 GC heap before
{Heap before GC invocations=6 (full 0):
 PSYoungGen      total 29184K, used 10989K [0x00000000eab00000, 0x00000000ecd80000, 0x0000000100000000)
  eden space 25088K, 27% used [0x00000000eab00000,0x00000000eb1bc5f8,0x00000000ec380000)
  from space 4096K, 99% used [0x00000000ec400000,0x00000000ec7ff048,0x00000000ec800000)
  to   space 5120K, 0% used [0x00000000ec880000,0x00000000ec880000,0x00000000ecd80000)
 ParOldGen       total 68608K, used 5296K [0x00000000c0000000, 0x00000000c4300000, 0x00000000eab00000)
  object space 68608K, 7% used [0x00000000c0000000,0x00000000c052c250,0x00000000c4300000)
 Metaspace       used 20903K, committed 21504K, reserved 1114112K
  class space    used 1976K, committed 2240K, reserved 1048576K
}
Event: 3.996 GC heap after
{Heap after GC invocations=6 (full 0):
 PSYoungGen      total 29696K, used 4247K [0x00000000eab00000, 0x00000000ecd00000, 0x0000000100000000)
  eden space 25088K, 0% used [0x00000000eab00000,0x00000000eab00000,0x00000000ec380000)
  from space 4608K, 92% used [0x00000000ec880000,0x00000000ecca5d60,0x00000000ecd00000)
  to   space 4608K, 0% used [0x00000000ec400000,0x00000000ec400000,0x00000000ec880000)
 ParOldGen       total 68608K, used 5296K [0x00000000c0000000, 0x00000000c4300000, 0x00000000eab00000)
  object space 68608K, 7% used [0x00000000c0000000,0x00000000c052c250,0x00000000c4300000)
 Metaspace       used 20903K, committed 21504K, reserved 1114112K
  class space    used 1976K, committed 2240K, reserved 1048576K
}
Event: 3.996 GC heap before
{Heap before GC invocations=7 (full 1):
 PSYoungGen      total 29696K, used 4247K [0x00000000eab00000, 0x00000000ecd00000, 0x0000000100000000)
  eden space 25088K, 0% used [0x00000000eab00000,0x00000000eab00000,0x00000000ec380000)
  from space 4608K, 92% used [0x00000000ec880000,0x00000000ecca5d60,0x00000000ecd00000)
  to   space 4608K, 0% used [0x00000000ec400000,0x00000000ec400000,0x00000000ec880000)
 ParOldGen       total 68608K, used 5296K [0x00000000c0000000, 0x00000000c4300000, 0x00000000eab00000)
  object space 68608K, 7% used [0x00000000c0000000,0x00000000c052c250,0x00000000c4300000)
 Metaspace       used 20903K, committed 21504K, reserved 1114112K
  class space    used 1976K, committed 2240K, reserved 1048576K
}
Event: 4.023 GC heap after
{Heap after GC invocations=7 (full 1):
 PSYoungGen      total 29696K, used 0K [0x00000000eab00000, 0x00000000ecd00000, 0x0000000100000000)
  eden space 25088K, 0% used [0x00000000eab00000,0x00000000eab00000,0x00000000ec380000)
  from space 4608K, 0% used [0x00000000ec880000,0x00000000ec880000,0x00000000ecd00000)
  to   space 4608K, 0% used [0x00000000ec400000,0x00000000ec400000,0x00000000ec880000)
 ParOldGen       total 68608K, used 8678K [0x00000000c0000000, 0x00000000c4300000, 0x00000000eab00000)
  object space 68608K, 12% used [0x00000000c0000000,0x00000000c08798f8,0x00000000c4300000)
 Metaspace       used 20890K, committed 21504K, reserved 1114112K
  class space    used 1972K, committed 2240K, reserved 1048576K
}
Event: 4.300 GC heap before
{Heap before GC invocations=8 (full 1):
 PSYoungGen      total 29696K, used 25088K [0x00000000eab00000, 0x00000000ecd00000, 0x0000000100000000)
  eden space 25088K, 100% used [0x00000000eab00000,0x00000000ec380000,0x00000000ec380000)
  from space 4608K, 0% used [0x00000000ec880000,0x00000000ec880000,0x00000000ecd00000)
  to   space 4608K, 0% used [0x00000000ec400000,0x00000000ec400000,0x00000000ec880000)
 ParOldGen       total 68608K, used 8678K [0x00000000c0000000, 0x00000000c4300000, 0x00000000eab00000)
  object space 68608K, 12% used [0x00000000c0000000,0x00000000c08798f8,0x00000000c4300000)
 Metaspace       used 22892K, committed 23552K, reserved 1114112K
  class space    used 2131K, committed 2368K, reserved 1048576K
}
Event: 4.303 GC heap after
{Heap after GC invocations=8 (full 1):
 PSYoungGen      total 27648K, used 2657K [0x00000000eab00000, 0x00000000eca00000, 0x0000000100000000)
  eden space 24576K, 0% used [0x00000000eab00000,0x00000000eab00000,0x00000000ec300000)
  from space 3072K, 86% used [0x00000000ec400000,0x00000000ec698520,0x00000000ec700000)
  to   space 3072K, 0% used [0x00000000ec700000,0x00000000ec700000,0x00000000eca00000)
 ParOldGen       total 68608K, used 8686K [0x00000000c0000000, 0x00000000c4300000, 0x00000000eab00000)
  object space 68608K, 12% used [0x00000000c0000000,0x00000000c087b8f8,0x00000000c4300000)
 Metaspace       used 22892K, committed 23552K, reserved 1114112K
  class space    used 2131K, committed 2368K, reserved 1048576K
}

Dll operation events (10 events):
Event: 0.012 Loaded shared library c:\Users\admin\.vscode\extensions\redhat.java-1.40.0-win32-x64\jre\21.0.6-win32-x86_64\bin\java.dll
Event: 0.103 Loaded shared library c:\Users\admin\.vscode\extensions\redhat.java-1.40.0-win32-x64\jre\21.0.6-win32-x86_64\bin\zip.dll
Event: 0.144 Loaded shared library C:\Users\admin\.vscode\extensions\redhat.java-1.40.0-win32-x64\jre\21.0.6-win32-x86_64\bin\instrument.dll
Event: 0.159 Loaded shared library C:\Users\admin\.vscode\extensions\redhat.java-1.40.0-win32-x64\jre\21.0.6-win32-x86_64\bin\net.dll
Event: 0.166 Loaded shared library C:\Users\admin\.vscode\extensions\redhat.java-1.40.0-win32-x64\jre\21.0.6-win32-x86_64\bin\nio.dll
Event: 0.179 Loaded shared library C:\Users\admin\.vscode\extensions\redhat.java-1.40.0-win32-x64\jre\21.0.6-win32-x86_64\bin\zip.dll
Event: 0.252 Loaded shared library C:\Users\admin\.vscode\extensions\redhat.java-1.40.0-win32-x64\jre\21.0.6-win32-x86_64\bin\jimage.dll
Event: 0.390 Loaded shared library c:\Users\admin\.vscode\extensions\redhat.java-1.40.0-win32-x64\jre\21.0.6-win32-x86_64\bin\verify.dll
Event: 2.464 Loaded shared library C:\Users\admin\AppData\Roaming\Code\User\globalStorage\redhat.java\1.40.0\config_ss_win\org.eclipse.equinox.launcher\org.eclipse.equinox.launcher.win32.win32.x86_64_1.2.1200.v20250212-0927\eclipse_11909.dll
Event: 3.616 Loaded shared library C:\Users\admin\AppData\Local\Temp\jna-92668751\jna16060595709331039281.dll

Deoptimization events (20 events):
Event: 4.292 Thread 0x000001d7f9c31fe0 Uncommon trap: trap_request=0xffffff45 fr.pc=0x000001d7ee288ba8 relative=0x0000000000000448
Event: 4.292 Thread 0x000001d7f9c31fe0 Uncommon trap: reason=unstable_if action=reinterpret pc=0x000001d7ee288ba8 method=java.lang.AbstractStringBuilder.isLatin1()Z @ 10 c2
Event: 4.292 Thread 0x000001d7f9c31fe0 DEOPT PACKING pc=0x000001d7ee288ba8 sp=0x000000613dcfe7b0
Event: 4.292 Thread 0x000001d7f9c31fe0 DEOPT UNPACKING pc=0x000001d7edd13aa2 sp=0x000000613dcfe740 mode 2
Event: 4.296 Thread 0x000001d7f9c31fe0 Uncommon trap: trap_request=0xffffffc6 fr.pc=0x000001d7ee2d6698 relative=0x0000000000000a98
Event: 4.296 Thread 0x000001d7f9c31fe0 Uncommon trap: reason=bimorphic_or_optimized_type_check action=maybe_recompile pc=0x000001d7ee2d6698 method=java.util.HashMap.putVal(ILjava/lang/Object;Ljava/lang/Object;ZZ)Ljava/lang/Object; @ 56 c2
Event: 4.296 Thread 0x000001d7f9c31fe0 DEOPT PACKING pc=0x000001d7ee2d6698 sp=0x000000613dcfde40
Event: 4.296 Thread 0x000001d7f9c31fe0 DEOPT UNPACKING pc=0x000001d7edd13aa2 sp=0x000000613dcfdda8 mode 2
Event: 4.296 Thread 0x000001d7f9c31fe0 Uncommon trap: trap_request=0xffffffc6 fr.pc=0x000001d7ee2d6698 relative=0x0000000000000a98
Event: 4.296 Thread 0x000001d7f9c31fe0 Uncommon trap: reason=bimorphic_or_optimized_type_check action=maybe_recompile pc=0x000001d7ee2d6698 method=java.util.HashMap.putVal(ILjava/lang/Object;Ljava/lang/Object;ZZ)Ljava/lang/Object; @ 56 c2
Event: 4.296 Thread 0x000001d7f9c31fe0 DEOPT PACKING pc=0x000001d7ee2d6698 sp=0x000000613dcfde40
Event: 4.296 Thread 0x000001d7f9c31fe0 DEOPT UNPACKING pc=0x000001d7edd13aa2 sp=0x000000613dcfdda8 mode 2
Event: 4.296 Thread 0x000001d7f9c31fe0 Uncommon trap: trap_request=0xffffffc6 fr.pc=0x000001d7ee2d6708 relative=0x0000000000000b08
Event: 4.296 Thread 0x000001d7f9c31fe0 Uncommon trap: reason=bimorphic_or_optimized_type_check action=maybe_recompile pc=0x000001d7ee2d6708 method=java.util.HashMap.putVal(ILjava/lang/Object;Ljava/lang/Object;ZZ)Ljava/lang/Object; @ 152 c2
Event: 4.296 Thread 0x000001d7f9c31fe0 DEOPT PACKING pc=0x000001d7ee2d6708 sp=0x000000613dcfde40
Event: 4.296 Thread 0x000001d7f9c31fe0 DEOPT UNPACKING pc=0x000001d7edd13aa2 sp=0x000000613dcfddb0 mode 2
Event: 4.296 Thread 0x000001d7f9c31fe0 Uncommon trap: trap_request=0xffffffc6 fr.pc=0x000001d7ee2d6698 relative=0x0000000000000a98
Event: 4.296 Thread 0x000001d7f9c31fe0 Uncommon trap: reason=bimorphic_or_optimized_type_check action=maybe_recompile pc=0x000001d7ee2d6698 method=java.util.HashMap.putVal(ILjava/lang/Object;Ljava/lang/Object;ZZ)Ljava/lang/Object; @ 56 c2
Event: 4.296 Thread 0x000001d7f9c31fe0 DEOPT PACKING pc=0x000001d7ee2d6698 sp=0x000000613dcfde40
Event: 4.296 Thread 0x000001d7f9c31fe0 DEOPT UNPACKING pc=0x000001d7edd13aa2 sp=0x000000613dcfdda8 mode 2

Classes loaded (20 events):
Event: 4.275 Loading class java/nio/channels/AsynchronousChannel done
Event: 4.275 Loading class java/nio/channels/AsynchronousByteChannel done
Event: 4.275 Loading class java/net/Authenticator
Event: 4.275 Loading class java/net/Authenticator done
Event: 4.291 Loading class java/text/MessageFormat
Event: 4.291 Loading class java/text/MessageFormat done
Event: 4.292 Loading class java/text/MessageFormat$Field
Event: 4.292 Loading class java/text/MessageFormat$Field done
Event: 4.294 Loading class java/lang/ProcessEnvironment
Event: 4.295 Loading class java/lang/ProcessEnvironment done
Event: 4.295 Loading class java/lang/ProcessEnvironment$NameComparator
Event: 4.296 Loading class java/lang/ProcessEnvironment$NameComparator done
Event: 4.296 Loading class java/lang/ProcessEnvironment$EntryComparator
Event: 4.296 Loading class java/lang/ProcessEnvironment$EntryComparator done
Event: 4.296 Loading class java/lang/ProcessEnvironment$CheckedEntrySet
Event: 4.297 Loading class java/lang/ProcessEnvironment$CheckedEntrySet done
Event: 4.297 Loading class java/lang/ProcessEnvironment$CheckedEntrySet$1
Event: 4.297 Loading class java/lang/ProcessEnvironment$CheckedEntrySet$1 done
Event: 4.297 Loading class java/lang/ProcessEnvironment$CheckedEntry
Event: 4.297 Loading class java/lang/ProcessEnvironment$CheckedEntry done

Classes unloaded (7 events):
Event: 4.000 Thread 0x000001d7e3643b00 Unloading class 0x000001d78117a800 'java/lang/invoke/LambdaForm$MH+0x000001d78117a800'
Event: 4.000 Thread 0x000001d7e3643b00 Unloading class 0x000001d78117a400 'java/lang/invoke/LambdaForm$MH+0x000001d78117a400'
Event: 4.000 Thread 0x000001d7e3643b00 Unloading class 0x000001d78117a000 'java/lang/invoke/LambdaForm$MH+0x000001d78117a000'
Event: 4.000 Thread 0x000001d7e3643b00 Unloading class 0x000001d781179c00 'java/lang/invoke/LambdaForm$MH+0x000001d781179c00'
Event: 4.000 Thread 0x000001d7e3643b00 Unloading class 0x000001d781179800 'java/lang/invoke/LambdaForm$BMH+0x000001d781179800'
Event: 4.000 Thread 0x000001d7e3643b00 Unloading class 0x000001d781179400 'java/lang/invoke/LambdaForm$DMH+0x000001d781179400'
Event: 4.000 Thread 0x000001d7e3643b00 Unloading class 0x000001d781178000 'java/lang/invoke/LambdaForm$DMH+0x000001d781178000'

Classes redefined (0 events):
No events

Internal exceptions (20 events):
Event: 3.657 Thread 0x000001d7f9c31fe0 Exception <a 'java/lang/NoSuchMethodError'{0x00000000eba44d18}: 'java.lang.Object java.lang.invoke.Invokers$Holder.linkToTargetMethod(java.lang.Object, java.lang.Object, long, java.lang.Object)'> (0x00000000eba44d18) 
thrown [s\src\hotspot\share\interpreter\linkResolver.cpp, line 773]
Event: 3.664 Thread 0x000001d7f9c31fe0 Exception <a 'java/lang/NoSuchMethodError'{0x00000000ebabd658}: 'int java.lang.invoke.DirectMethodHandle$Holder.invokeStaticInit(java.lang.Object, java.lang.Object, java.lang.Object)'> (0x00000000ebabd658) 
thrown [s\src\hotspot\share\interpreter\linkResolver.cpp, line 773]
Event: 3.677 Thread 0x000001d7f9c31fe0 Exception <a 'java/lang/IncompatibleClassChangeError'{0x00000000ebbc8978}: Found class java.lang.Object, but interface was expected> (0x00000000ebbc8978) 
thrown [s\src\hotspot\share\interpreter\linkResolver.cpp, line 840]
Event: 3.686 Thread 0x000001d7f9c31fe0 Exception <a 'java/lang/NoSuchMethodError'{0x00000000ebbee448}: 'java.lang.Object java.lang.invoke.DirectMethodHandle$Holder.invokeSpecial(java.lang.Object, java.lang.Object, java.lang.Object, int, java.lang.Object, java.lang.Object)'> (0x00000000ebbee448) 
thrown [s\src\hotspot\share\interpreter\linkResolver.cpp, line 773]
Event: 3.687 Thread 0x000001d7f9c31fe0 Exception <a 'java/lang/NoSuchMethodError'{0x00000000ebbf5fa0}: 'java.lang.Object java.lang.invoke.DirectMethodHandle$Holder.newInvokeSpecial(java.lang.Object, java.lang.Object, java.lang.Object, int, java.lang.Object)'> (0x00000000ebbf5fa0) 
thrown [s\src\hotspot\share\interpreter\linkResolver.cpp, line 773]
Event: 3.687 Thread 0x000001d7f9c31fe0 Exception <a 'java/lang/NoSuchMethodError'{0x00000000ebbf9a90}: 'java.lang.Object java.lang.invoke.Invokers$Holder.linkToTargetMethod(java.lang.Object, java.lang.Object, int, java.lang.Object, java.lang.Object)'> (0x00000000ebbf9a90) 
thrown [s\src\hotspot\share\interpreter\linkResolver.cpp, line 773]
Event: 3.688 Thread 0x000001d7fe837660 Exception <a 'java/lang/NoSuchMethodError'{0x00000000ebaa03f0}: 'java.lang.Object java.lang.invoke.DirectMethodHandle$Holder.invokeSpecial(java.lang.Object, java.lang.Object, int, java.lang.Object, java.lang.Object)'> (0x00000000ebaa03f0) 
thrown [s\src\hotspot\share\interpreter\linkResolver.cpp, line 773]
Event: 3.688 Thread 0x000001d7fe837660 Exception <a 'java/lang/NoSuchMethodError'{0x00000000ebaa7128}: 'java.lang.Object java.lang.invoke.DirectMethodHandle$Holder.newInvokeSpecial(java.lang.Object, java.lang.Object, int, java.lang.Object)'> (0x00000000ebaa7128) 
thrown [s\src\hotspot\share\interpreter\linkResolver.cpp, line 773]
Event: 3.702 Thread 0x000001d7f9c31fe0 Exception <a 'java/lang/NoSuchMethodError'{0x00000000ebcf0850}: 'void java.lang.invoke.DirectMethodHandle$Holder.invokeSpecial(java.lang.Object, java.lang.Object, java.lang.Object, java.lang.Object, java.lang.Object)'> (0x00000000ebcf0850) 
thrown [s\src\hotspot\share\interpreter\linkResolver.cpp, line 773]
Event: 3.712 Thread 0x000001d7fe837660 Exception <a 'java/lang/NoSuchMethodError'{0x00000000ebd77ee0}: 'java.lang.Object java.lang.invoke.DirectMethodHandle$Holder.newInvokeSpecial(java.lang.Object, java.lang.Object, java.lang.Object, java.lang.Object, java.lang.Object)'> (0x00000000ebd77ee0) 
thrown [s\src\hotspot\share\interpreter\linkResolver.cpp, line 773]
Event: 3.727 Thread 0x000001d7f9c31fe0 Exception <a 'java/lang/NoSuchMethodError'{0x00000000ebf0d9c0}: 'double java.lang.invoke.DirectMethodHandle$Holder.invokeStatic(java.lang.Object, java.lang.Object)'> (0x00000000ebf0d9c0) 
thrown [s\src\hotspot\share\interpreter\linkResolver.cpp, line 773]
Event: 3.727 Thread 0x000001d7f9c31fe0 Exception <a 'java/lang/NoSuchMethodError'{0x00000000ebf11080}: 'double java.lang.invoke.DirectMethodHandle$Holder.invokeStaticInit(java.lang.Object, java.lang.Object)'> (0x00000000ebf11080) 
thrown [s\src\hotspot\share\interpreter\linkResolver.cpp, line 773]
Event: 3.818 Thread 0x000001d7f9c31fe0 Exception <a 'java/io/FileNotFoundException'{0x00000000eb67a878}> (0x00000000eb67a878) 
thrown [s\src\hotspot\share\prims\jni.cpp, line 520]
Event: 3.818 Thread 0x000001d7f9c31fe0 Exception <a 'java/io/FileNotFoundException'{0x00000000eb67b6a8}> (0x00000000eb67b6a8) 
thrown [s\src\hotspot\share\prims\jni.cpp, line 520]
Event: 3.818 Thread 0x000001d7f9c31fe0 Exception <a 'java/io/FileNotFoundException'{0x00000000eb67c5d8}> (0x00000000eb67c5d8) 
thrown [s\src\hotspot\share\prims\jni.cpp, line 520]
Event: 3.950 Thread 0x000001d7f9c31fe0 Implicit null exception at 0x000001d7ee38d8f5 to 0x000001d7ee38d9e8
Event: 4.249 Thread 0x000001d7f9c31fe0 Exception <a 'java/lang/ClassNotFoundException'{0x00000000ec07b4b0}: com/sun/org/apache/xerces/internal/impl/msg/spi/DOMMessagesProvider> (0x00000000ec07b4b0) 
thrown [s\src\hotspot\share\classfile\systemDictionary.cpp, line 312]
Event: 4.251 Thread 0x000001d7f9c31fe0 Exception <a 'java/lang/ClassNotFoundException'{0x00000000ec096628}: com/sun/org/apache/xerces/internal/impl/msg/spi/XMLSerializerMessagesProvider> (0x00000000ec096628) 
thrown [s\src\hotspot\share\classfile\systemDictionary.cpp, line 312]
Event: 4.252 Thread 0x000001d7f9c31fe0 Exception <a 'java/lang/ClassNotFoundException'{0x00000000ec0a3948}: com/sun/org/apache/xerces/internal/impl/msg/spi/XMLMessagesProvider> (0x00000000ec0a3948) 
thrown [s\src\hotspot\share\classfile\systemDictionary.cpp, line 312]
Event: 4.283 Thread 0x000001d7f9c31fe0 Exception <a 'java/lang/NoSuchMethodError'{0x00000000ec2b8398}: 'java.lang.Object java.lang.invoke.DirectMethodHandle$Holder.newInvokeSpecial(java.lang.Object, int, java.lang.Object, java.lang.Object)'> (0x00000000ec2b8398) 
thrown [s\src\hotspot\share\interpreter\linkResolver.cpp, line 773]

ZGC Phase Switch (0 events):
No events

VM Operations (20 events):
Event: 3.516 Executing VM operation: HandshakeAllThreads (Deoptimize)
Event: 3.516 Executing VM operation: HandshakeAllThreads (Deoptimize) done
Event: 3.622 Executing VM operation: HandshakeAllThreads (Deoptimize)
Event: 3.622 Executing VM operation: HandshakeAllThreads (Deoptimize) done
Event: 3.670 Executing VM operation: HandshakeAllThreads (Deoptimize)
Event: 3.670 Executing VM operation: HandshakeAllThreads (Deoptimize) done
Event: 3.774 Executing VM operation: ParallelGCFailedAllocation (Allocation Failure)
Event: 3.778 Executing VM operation: ParallelGCFailedAllocation (Allocation Failure) done
Event: 3.946 Executing VM operation: ParallelGCFailedAllocation (Allocation Failure)
Event: 3.949 Executing VM operation: ParallelGCFailedAllocation (Allocation Failure) done
Event: 3.992 Executing VM operation: CollectForMetadataAllocation (Metadata GC Threshold)
Event: 4.023 Executing VM operation: CollectForMetadataAllocation (Metadata GC Threshold) done
Event: 4.201 Executing VM operation: HandshakeAllThreads (Deoptimize)
Event: 4.201 Executing VM operation: HandshakeAllThreads (Deoptimize) done
Event: 4.292 Executing VM operation: HandshakeAllThreads (Deoptimize)
Event: 4.292 Executing VM operation: HandshakeAllThreads (Deoptimize) done
Event: 4.295 Executing VM operation: HandshakeAllThreads (Deoptimize)
Event: 4.295 Executing VM operation: HandshakeAllThreads (Deoptimize) done
Event: 4.300 Executing VM operation: ParallelGCFailedAllocation (Allocation Failure)
Event: 4.303 Executing VM operation: ParallelGCFailedAllocation (Allocation Failure) done

Memory protections (0 events):
No events

Nmethod flushes (0 events):
No events

Events (20 events):
Event: 0.599 Thread 0x000001d7e35a5d90 Thread added: 0x000001d7f9583e00
Event: 1.016 Thread 0x000001d7f796a4f0 Thread added: 0x000001d7f981c170
Event: 1.640 Thread 0x000001d7f981c170 Thread exited: 0x000001d7f981c170
Event: 1.852 Thread 0x000001d7f7968870 Thread added: 0x000001d7f9cbe3b0
Event: 2.139 Thread 0x000001d7e35a5d90 Thread added: 0x000001d7f9d7adf0
Event: 2.433 Thread 0x000001d7e35a5d90 Thread added: 0x000001d7f9e6d280
Event: 2.451 Thread 0x000001d7e35a5d90 Thread added: 0x000001d7f9c31fe0
Event: 2.533 Thread 0x000001d7f9c31fe0 Thread added: 0x000001d7f9e4c800
Event: 2.690 Thread 0x000001d7f9cbe3b0 Thread exited: 0x000001d7f9cbe3b0
Event: 2.736 Thread 0x000001d7f9c31fe0 Thread added: 0x000001d7fe1c2cf0
Event: 2.750 Thread 0x000001d7f9602160 Thread exited: 0x000001d7f9602160
Event: 2.850 Thread 0x000001d7f796a4f0 Thread added: 0x000001d7f9e85ef0
Event: 2.858 Thread 0x000001d7f796a4f0 Thread added: 0x000001d7f9e86960
Event: 3.145 Thread 0x000001d7f9c31fe0 Thread added: 0x000001d7fe3cd180
Event: 3.632 Thread 0x000001d7f9e86960 Thread exited: 0x000001d7f9e86960
Event: 3.637 Thread 0x000001d7f9c31fe0 Thread added: 0x000001d7f9e86960
Event: 3.660 Thread 0x000001d7f9c31fe0 Thread added: 0x000001d7fe837660
Event: 3.687 Thread 0x000001d7f9c31fe0 Thread added: 0x000001d7fe7e8180
Event: 3.801 Thread 0x000001d7f796a4f0 Thread added: 0x000001d7fe42be70
Event: 4.266 Thread 0x000001d7f9c31fe0 Thread added: 0x000001d7fe7e8ea0


Dynamic libraries:
0x00007ff64b1e0000 - 0x00007ff64b1ee000 	c:\Users\admin\.vscode\extensions\redhat.java-1.40.0-win32-x64\jre\21.0.6-win32-x86_64\bin\java.exe
0x00007ffa2f690000 - 0x00007ffa2f8a6000 	C:\WINDOWS\SYSTEM32\ntdll.dll
0x00007ffa2d5c0000 - 0x00007ffa2d684000 	C:\WINDOWS\System32\KERNEL32.DLL
0x00007ffa2cbf0000 - 0x00007ffa2cf97000 	C:\WINDOWS\System32\KERNELBASE.dll
0x00007ffa2cfd0000 - 0x00007ffa2d0e1000 	C:\WINDOWS\System32\ucrtbase.dll
0x00007ffa21f00000 - 0x00007ffa21f18000 	c:\Users\admin\.vscode\extensions\redhat.java-1.40.0-win32-x64\jre\21.0.6-win32-x86_64\bin\jli.dll
0x00007ffa21d70000 - 0x00007ffa21d8e000 	c:\Users\admin\.vscode\extensions\redhat.java-1.40.0-win32-x64\jre\21.0.6-win32-x86_64\bin\VCRUNTIME140.dll
0x00007ffa2f230000 - 0x00007ffa2f3de000 	C:\WINDOWS\System32\USER32.dll
0x00007ffa2cbc0000 - 0x00007ffa2cbe6000 	C:\WINDOWS\System32\win32u.dll
0x00007ffa2f4e0000 - 0x00007ffa2f509000 	C:\WINDOWS\System32\GDI32.dll
0x00007ffa2c9b0000 - 0x00007ffa2cac9000 	C:\WINDOWS\System32\gdi32full.dll
0x00007ffa1c2b0000 - 0x00007ffa1c543000 	C:\WINDOWS\WinSxS\amd64_microsoft.windows.common-controls_6595b64144ccf1df_6.0.22621.3235_none_270f74e173860f98\COMCTL32.dll
0x00007ffa2d1b0000 - 0x00007ffa2d24a000 	C:\WINDOWS\System32\msvcp_win.dll
0x00007ffa2d860000 - 0x00007ffa2d907000 	C:\WINDOWS\System32\msvcrt.dll
0x00007ffa2e7d0000 - 0x00007ffa2e801000 	C:\WINDOWS\System32\IMM32.DLL
0x0000000073690000 - 0x000000007369c000 	C:\Program Files (x86)\360\Total Security\safemon\SafeWrapper.dll
0x00007ffa27e30000 - 0x00007ffa27e3c000 	c:\Users\admin\.vscode\extensions\redhat.java-1.40.0-win32-x64\jre\21.0.6-win32-x86_64\bin\vcruntime140_1.dll
0x00007ffa147d0000 - 0x00007ffa1485d000 	c:\Users\admin\.vscode\extensions\redhat.java-1.40.0-win32-x64\jre\21.0.6-win32-x86_64\bin\msvcp140.dll
0x00007ff9dc180000 - 0x00007ff9dcf10000 	c:\Users\admin\.vscode\extensions\redhat.java-1.40.0-win32-x64\jre\21.0.6-win32-x86_64\bin\server\jvm.dll
0x00007ffa2d910000 - 0x00007ffa2d9c2000 	C:\WINDOWS\System32\ADVAPI32.dll
0x00007ffa2e6a0000 - 0x00007ffa2e748000 	C:\WINDOWS\System32\sechost.dll
0x00007ffa2cfa0000 - 0x00007ffa2cfc8000 	C:\WINDOWS\System32\bcrypt.dll
0x00007ffa2f530000 - 0x00007ffa2f645000 	C:\WINDOWS\System32\RPCRT4.dll
0x00007ffa2e750000 - 0x00007ffa2e7c1000 	C:\WINDOWS\System32\WS2_32.dll
0x00007ffa2b7b0000 - 0x00007ffa2b7fd000 	C:\WINDOWS\SYSTEM32\POWRPROF.dll
0x00007ffa25560000 - 0x00007ffa25594000 	C:\WINDOWS\SYSTEM32\WINMM.dll
0x00007ffa2c5f0000 - 0x00007ffa2c5fa000 	C:\WINDOWS\SYSTEM32\VERSION.dll
0x00007ffa2b790000 - 0x00007ffa2b7a3000 	C:\WINDOWS\SYSTEM32\UMPDC.dll
0x00007ffa2ba40000 - 0x00007ffa2ba58000 	C:\WINDOWS\SYSTEM32\kernel.appcore.dll
0x00007ffa26cf0000 - 0x00007ffa26cfa000 	c:\Users\admin\.vscode\extensions\redhat.java-1.40.0-win32-x64\jre\21.0.6-win32-x86_64\bin\jimage.dll
0x00007ffa29fc0000 - 0x00007ffa2a1f3000 	C:\WINDOWS\SYSTEM32\DBGHELP.DLL
0x00007ffa2dc40000 - 0x00007ffa2dfc8000 	C:\WINDOWS\System32\combase.dll
0x00007ffa2d430000 - 0x00007ffa2d507000 	C:\WINDOWS\System32\OLEAUT32.dll
0x00007ffa0e860000 - 0x00007ffa0e892000 	C:\WINDOWS\SYSTEM32\dbgcore.DLL
0x00007ffa2cad0000 - 0x00007ffa2cb49000 	C:\WINDOWS\System32\bcryptPrimitives.dll
0x00007ffa26ca0000 - 0x00007ffa26caf000 	c:\Users\admin\.vscode\extensions\redhat.java-1.40.0-win32-x64\jre\21.0.6-win32-x86_64\bin\instrument.dll
0x00007ffa21b20000 - 0x00007ffa21b3f000 	c:\Users\admin\.vscode\extensions\redhat.java-1.40.0-win32-x64\jre\21.0.6-win32-x86_64\bin\java.dll
0x00007ffa2e9d0000 - 0x00007ffa2f22c000 	C:\WINDOWS\System32\SHELL32.dll
0x00007ffa2a880000 - 0x00007ffa2b179000 	C:\WINDOWS\SYSTEM32\windows.storage.dll
0x00007ffa2a740000 - 0x00007ffa2a87e000 	C:\WINDOWS\SYSTEM32\wintypes.dll
0x00007ffa2f3e0000 - 0x00007ffa2f4d3000 	C:\WINDOWS\System32\SHCORE.dll
0x00007ffa2e970000 - 0x00007ffa2e9ce000 	C:\WINDOWS\System32\shlwapi.dll
0x00007ffa2c8e0000 - 0x00007ffa2c901000 	C:\WINDOWS\SYSTEM32\profapi.dll
0x00007ffa215c0000 - 0x00007ffa215d8000 	c:\Users\admin\.vscode\extensions\redhat.java-1.40.0-win32-x64\jre\21.0.6-win32-x86_64\bin\zip.dll
0x00007ffa25c10000 - 0x00007ffa25c20000 	C:\Users\admin\.vscode\extensions\redhat.java-1.40.0-win32-x64\jre\21.0.6-win32-x86_64\bin\net.dll
0x00007ffa258f0000 - 0x00007ffa25a26000 	C:\WINDOWS\SYSTEM32\WINHTTP.dll
0x00007ffa2bea0000 - 0x00007ffa2bf09000 	C:\WINDOWS\system32\mswsock.dll
0x00007ffa27d60000 - 0x00007ffa27d76000 	C:\Users\admin\.vscode\extensions\redhat.java-1.40.0-win32-x64\jre\21.0.6-win32-x86_64\bin\nio.dll
0x00007ffa27c70000 - 0x00007ffa27c80000 	c:\Users\admin\.vscode\extensions\redhat.java-1.40.0-win32-x64\jre\21.0.6-win32-x86_64\bin\verify.dll
0x00007ffa23ae0000 - 0x00007ffa23b25000 	C:\Users\admin\AppData\Roaming\Code\User\globalStorage\redhat.java\1.40.0\config_ss_win\org.eclipse.equinox.launcher\org.eclipse.equinox.launcher.win32.win32.x86_64_1.2.1200.v20250212-0927\eclipse_11909.dll
0x00007ffa2e4f0000 - 0x00007ffa2e695000 	C:\WINDOWS\System32\ole32.dll
0x00007ffa2c1f0000 - 0x00007ffa2c20b000 	C:\WINDOWS\SYSTEM32\CRYPTSP.dll
0x00007ffa2b9a0000 - 0x00007ffa2b9d5000 	C:\WINDOWS\system32\rsaenh.dll
0x00007ffa2bf40000 - 0x00007ffa2bf68000 	C:\WINDOWS\SYSTEM32\USERENV.dll
0x00007ffa2c1d0000 - 0x00007ffa2c1dc000 	C:\WINDOWS\SYSTEM32\CRYPTBASE.dll
0x00007ffa2b490000 - 0x00007ffa2b4bd000 	C:\WINDOWS\SYSTEM32\IPHLPAPI.DLL
0x00007ffa2dfd0000 - 0x00007ffa2dfd9000 	C:\WINDOWS\System32\NSI.dll
0x00007ffa22630000 - 0x00007ffa22679000 	C:\Users\admin\AppData\Local\Temp\jna-92668751\jna16060595709331039281.dll
0x00007ffa2da40000 - 0x00007ffa2da48000 	C:\WINDOWS\System32\PSAPI.DLL

dbghelp: loaded successfully - version: 4.0.5 - missing functions: none
symbol engine: initialized successfully - sym options: 0x614 - pdb path: .;c:\Users\admin\.vscode\extensions\redhat.java-1.40.0-win32-x64\jre\21.0.6-win32-x86_64\bin;C:\WINDOWS\SYSTEM32;C:\WINDOWS\WinSxS\amd64_microsoft.windows.common-controls_6595b64144ccf1df_6.0.22621.3235_none_270f74e173860f98;C:\Program Files (x86)\360\Total Security\safemon;c:\Users\admin\.vscode\extensions\redhat.java-1.40.0-win32-x64\jre\21.0.6-win32-x86_64\bin\server;C:\Users\admin\AppData\Roaming\Code\User\globalStorage\redhat.java\1.40.0\config_ss_win\org.eclipse.equinox.launcher\org.eclipse.equinox.launcher.win32.win32.x86_64_1.2.1200.v20250212-0927;C:\Users\admin\AppData\Local\Temp\jna-92668751

VM Arguments:
jvm_args: --add-modules=ALL-SYSTEM --add-opens=java.base/java.util=ALL-UNNAMED --add-opens=java.base/java.lang=ALL-UNNAMED --add-opens=java.base/sun.nio.fs=ALL-UNNAMED -Declipse.application=org.eclipse.jdt.ls.core.id1 -Dosgi.bundles.defaultStartLevel=4 -Declipse.product=org.eclipse.jdt.ls.core.product -Djava.import.generatesMetadataFilesAtProjectRoot=false -DDetectVMInstallationsJob.disabled=true -Dfile.encoding=utf8 -XX:+UseParallelGC -XX:GCTimeRatio=4 -XX:AdaptiveSizePolicyWeight=90 -Dsun.zip.disableMemoryMapping=true -Xmx1G -Xms100m -Xlog:disable -javaagent:c:\Users\admin\.vscode\extensions\redhat.java-1.40.0-win32-x64\lombok\lombok-1.18.36.jar 
java_command: c:\Users\admin\.vscode\extensions\redhat.java-1.40.0-win32-x64\server\plugins\org.eclipse.equinox.launcher_1.6.1000.v20250131-0606.jar -configuration c:\Users\admin\AppData\Roaming\Code\User\globalStorage\redhat.java\1.40.0\config_ss_win -data c:\Users\admin\AppData\Roaming\Code\User\workspaceStorage\e6e386c7efb6b046afb682db77de5ed5\redhat.java\ss_ws --pipe=\\.\pipe\lsp-d17caf48d2b91753c09ab3a8e2c754e7-sock
java_class_path (initial): c:\Users\admin\.vscode\extensions\redhat.java-1.40.0-win32-x64\server\plugins\org.eclipse.equinox.launcher_1.6.1000.v20250131-0606.jar
Launcher Type: SUN_STANDARD

[Global flags]
    uintx AdaptiveSizePolicyWeight                 = 90                                        {product} {command line}
     intx CICompilerCount                          = 4                                         {product} {ergonomic}
    uintx GCTimeRatio                              = 4                                         {product} {command line}
   size_t InitialHeapSize                          = 104857600                                 {product} {command line}
   size_t MaxHeapSize                              = 1073741824                                {product} {command line}
   size_t MaxNewSize                               = 357564416                                 {product} {ergonomic}
   size_t MinHeapDeltaBytes                        = 524288                                    {product} {ergonomic}
   size_t MinHeapSize                              = 104857600                                 {product} {command line}
   size_t NewSize                                  = 34603008                                  {product} {ergonomic}
    uintx NonNMethodCodeHeapSize                   = 5839372                                {pd product} {ergonomic}
    uintx NonProfiledCodeHeapSize                  = 122909434                              {pd product} {ergonomic}
   size_t OldSize                                  = 70254592                                  {product} {ergonomic}
    uintx ProfiledCodeHeapSize                     = 122909434                              {pd product} {ergonomic}
    uintx ReservedCodeCacheSize                    = 251658240                              {pd product} {ergonomic}
     bool SegmentedCodeCache                       = true                                      {product} {ergonomic}
   size_t SoftMaxHeapSize                          = 1073741824                             {manageable} {ergonomic}
     bool UseCompressedOops                        = true                           {product lp64_product} {ergonomic}
     bool UseLargePagesIndividualAllocation        = false                                  {pd product} {ergonomic}
     bool UseParallelGC                            = true                                      {product} {command line}

Logging:
Log output configuration:
 #0: stdout all=off uptime,level,tags foldmultilines=false
 #1: stderr all=off uptime,level,tags foldmultilines=false

Environment Variables:
PATH=C:\Program Files\Microsoft SDKs\Azure\CLI2\wbin;C:\Program Files\Common Files\Oracle\Java\javapath;C:\Python312\Scripts\;C:\Python312\;C:\Program Files\Python311\Scripts\;C:\Program Files\Python311\;C:\WINDOWS\system32;C:\WINDOWS;C:\WINDOWS\System32\Wbem;C:\WINDOWS\System32\WindowsPowerShell\v1.0\;C:\WINDOWS\System32\OpenSSH\;C:\Program Files\Intel\WiFi\bin\;C:\Program Files\Common Files\Intel\WirelessCommon\;C:\Program Files\nodejs\;C:\ProgramData\chocolatey\bin;C:\Program Files (x86)\Microsoft SQL Server\160\Tools\Binn\;C:\Program Files\Microsoft SQL Server\160\Tools\Binn\;C:\Program Files\Microsoft SQL Server\Client SDK\ODBC\170\Tools\Binn\;C:\Program Files\Microsoft SQL Server\160\DTS\Binn\;C:\Program Files (x86)\Microsoft SQL Server\160\DTS\Binn\;C:\Program Files\Azure Data Studio\bin;C:\xampp\php;C:\xampp;C:\Program Files\dotnet\;C:\SQLite;C:\Program Files\Microsoft SQL Server\150\Tools\Binn\;C:\ProgramData\ComposerSetup\bin;C:\Users\admin\.cargo\bin;C:\Program Files\Docker\Docker\resources\bin;C:\Users\admin\Downloads\apache-maven-3.9.9-bin\apache-maven-3.9.9\bin;C:\Program Files\Git\cmd;C:\xampp\mysql\bin;C:\Users\admin\Downloads\flutter_windows_3.27.4-stable\flutter\bin;C:\Users\admin\.cargo\bin;C:\Users\admin\AppData\Local\Microsoft\WindowsApps;C:\Users\admin\AppData\Local\Programs\Microsoft VS Code\bin;C:\Users\admin\AppData\Local\GitHubDesktop\bin;C:\Users\admin\AppData\Roaming\npm;C:\Program Files\Azure Data Studio\bin;C:\Program Files\JetBrains\PhpStorm 2023.3.2\bin;;C:\Users\admin\AppData\Roaming\Composer\vendor\bin;C:\Program Files\JetBrains\IntelliJ IDEA Community Edition 2023.3.5\bin;;C:\Users\admin\.dotnet\tools;C:\Users\admin\Downloads\php-8.2.22-src.zip;C:\Users\admin\.cargo\bin;C:\Users\admin\Downloads\apache-maven-3.9.9-bin\apache-maven-3.9.9\bin;
USERNAME=admin
OS=Windows_NT
PROCESSOR_IDENTIFIER=Intel64 Family 6 Model 142 Stepping 10, GenuineIntel
TMP=C:\Users\admin\AppData\Local\Temp
TEMP=C:\Users\admin\AppData\Local\Temp




Periodic native trim disabled

---------------  S Y S T E M  ---------------

OS:
 Windows 11 , 64 bit Build 22621 (10.0.22621.3374)
OS uptime: 8 days 0:19 hours
Hyper-V role detected

CPU: total 8 (initial active 8) (4 cores per cpu, 2 threads per core) family 6 model 142 stepping 10 microcode 0xe0, cx8, cmov, fxsr, ht, mmx, 3dnowpref, sse, sse2, sse3, ssse3, sse4.1, sse4.2, popcnt, lzcnt, tsc, tscinvbit, avx, avx2, aes, erms, clmul, bmi1, bmi2, rtm, adx, fma, vzeroupper, clflush, clflushopt, hv, rdtscp, f16c
Processor Information for the first 8 processors :
  Max Mhz: 1896, Current Mhz: 1696, Mhz Limit: 1687

Memory: 4k page, system-wide physical 16263M (3625M free)
TotalPageFile size 16263M (AvailPageFile size 96M)
current process WorkingSet (physical memory assigned to process): 147M, peak: 147M
current process commit charge ("private bytes"): 250M, peak: 250M

vm_info: OpenJDK 64-Bit Server VM (21.0.6+7-LTS) for windows-amd64 JRE (21.0.6+7-LTS), built on 2025-01-21T00:00:00Z by "admin" with MS VC++ 17.7 (VS2022)

END.
